// Jest Snapshot v1, https://goo.gl/fbAQLP

exports[`Header unit tests renders as expected 1`] = `
<Styled(Component)>
  <Styled(Component)
    container={true}
    justifyContent="space-around"
  >
    <ForwardRef(Grid)
      item={true}
      xl={2}
      xs={1}
    />
    <ForwardRef(Grid)
      item={true}
      xl={8}
      xs={10}
    >
      <ForwardRef(Grid)
        container={true}
        justifyContent="flex-end"
        spacing={1}
      >
        <ForwardRef(Grid)
          item={true}
        >
          <ForwardRef(Grid)
            container={true}
            justifyContent="space-around"
            spacing={2}
          >
            <ForwardRef(Grid)
              item={true}
            >
              <Styled(Component)
                size="small"
                variant="contained"
              >
                Join Rewards
              </Styled(Component)>
            </ForwardRef(Grid)>
            <ForwardRef(Grid)
              item={true}
            >
              <Styled(Component)
                size="small"
                variant="outlined"
              >
                Sign In
              </Styled(Component)>
            </ForwardRef(Grid)>
          </ForwardRef(Grid)>
        </ForwardRef(Grid)>
        <ForwardRef(Grid)
          item={true}
        >
          <ForwardRef(IconButton)>
            <Memo
              sx={
                {
                  "color": "#32CD32",
                }
              }
            />
          </ForwardRef(IconButton)>
        </ForwardRef(Grid)>
        <ForwardRef(Grid)
          item={true}
        >
          <ForwardRef(IconButton)>
            <Memo
              sx={
                {
                  "color": "#32CD32",
                }
              }
            />
          </ForwardRef(IconButton)>
        </ForwardRef(Grid)>
      </ForwardRef(Grid)>
    </ForwardRef(Grid)>
    <ForwardRef(Grid)
      item={true}
      xl={2}
      xs={1}
    />
  </Styled(Component)>
  <ForwardRef(Grid)
    container={true}
  >
    <ForwardRef(Grid)
      item={true}
      xl={2}
      xs={1}
    />
    <ForwardRef(Grid)
      item={true}
      xl={8}
      xs={10}
    >
      <ForwardRef(Grid)
        container={true}
        justifyContent="space-between"
      >
        <ForwardRef(Grid)
          item={true}
        >
          <styled.img
            src={
              {
                "process": [Function],
              }
            }
          />
        </ForwardRef(Grid)>
        <ForwardRef(Grid)
          item={true}
        >
          <ForwardRef(Grid)
            columnSpacing={10}
            container={true}
            justifyContent="space-around"
            sx={
              {
                "marginTop": 1.5,
              }
            }
          >
            <ForwardRef(Grid)
              item={true}
            >
              <styled.h4
                color="textPrimary"
              >
                MENU
              </styled.h4>
            </ForwardRef(Grid)>
            <ForwardRef(Grid)
              item={true}
            >
              <styled.h4
                color="textPrimary"
              >
                REWARDS
              </styled.h4>
            </ForwardRef(Grid)>
            <ForwardRef(Grid)
              item={true}
            >
              <styled.h4
                color="textPrimary"
              >
                FUNDRAISING
              </styled.h4>
            </ForwardRef(Grid)>
            <ForwardRef(Grid)
              item={true}
            >
              <styled.h4
                color="textPrimary"
              >
                RETAIL
              </styled.h4>
            </ForwardRef(Grid)>
          </ForwardRef(Grid)>
        </ForwardRef(Grid)>
        <ForwardRef(Grid)
          item={true}
        >
          <ForwardRef(Grid)
            container={true}
            sx={
              {
                "marginTop": 2.5,
              }
            }
          >
            <ForwardRef(Button)
              color="info"
              variant="contained"
            >
              Order now
            </ForwardRef(Button)>
          </ForwardRef(Grid)>
        </ForwardRef(Grid)>
      </ForwardRef(Grid)>
    </ForwardRef(Grid)>
  </ForwardRef(Grid)>
</Styled(Component)>
`;
